
> frontend@0.1.0 dev
> next dev

   ▲ Next.js 16.0.1 (Turbopack)
   - Local:        http://localhost:3000
   - Network:      http://192.168.1.139:3000
   - Environments: .env.local, .env

 ✓ Starting...
 ✓ Ready in 1659ms
 ○ Compiling /solve-test ...
 GET /solve-test 200 in 2.1s (compile: 1638ms, proxy.ts: 16ms, render: 411ms)
 ○ Compiling /dashboard ...
 GET /dashboard 200 in 5.0s (compile: 4.9s, proxy.ts: 14ms, render: 51ms)
 GET /solve-test 200 in 79ms (compile: 14ms, proxy.ts: 15ms, render: 50ms)
 ✓ Compiled in 272ms
 GET /dashboard 200 in 280ms (compile: 185ms, proxy.ts: 12ms, render: 83ms)
 ✓ Compiled in 255ms
 GET /solve-test 200 in 72ms (compile: 13ms, proxy.ts: 18ms, render: 41ms)
 GET /dashboard 200 in 231ms (compile: 168ms, proxy.ts: 13ms, render: 49ms)
 ✓ Compiled in 782ms
 ✓ Compiled in 635ms
 GET /dashboard 200 in 529ms (compile: 167ms, proxy.ts: 12ms, render: 350ms)
 GET /solve-test 200 in 84ms (compile: 13ms, proxy.ts: 14ms, render: 58ms)
 GET /dashboard 200 in 66ms (compile: 10ms, proxy.ts: 13ms, render: 43ms)
 GET /dashboard 200 in 173ms (compile: 14ms, proxy.ts: 13ms, render: 145ms)
 ✓ Compiled in 266ms
 GET /dashboard 200 in 422ms (compile: 168ms, proxy.ts: 12ms, render: 241ms)
 GET /dashboard 200 in 160ms (compile: 10ms, proxy.ts: 18ms, render: 132ms)
 ✓ Compiled in 128ms
 ✓ Compiled in 62ms
 ✓ Compiled in 240ms
 GET /solve-test 200 in 305ms (compile: 195ms, proxy.ts: 11ms, render: 99ms)
 GET /solve-test 200 in 264ms (compile: 11ms, proxy.ts: 12ms, render: 241ms)
 GET /solve-test 200 in 36ms (compile: 6ms, proxy.ts: 6ms, render: 24ms)
 ✓ Compiled in 145ms
 ✓ Compiled in 1190ms
 GET /dashboard 200 in 359ms (compile: 282ms, proxy.ts: 17ms, render: 60ms)
 GET /solve-test 200 in 62ms (compile: 9ms, proxy.ts: 9ms, render: 44ms)
 GET /dashboard 200 in 55ms (compile: 11ms, proxy.ts: 10ms, render: 35ms)
 GET /solve-test 200 in 66ms (compile: 8ms, proxy.ts: 12ms, render: 46ms)
 ✓ Compiled in 2.1s
 GET /dashboard 200 in 266ms (compile: 197ms, proxy.ts: 13ms, render: 56ms)
 GET /solve-test 200 in 266ms (compile: 189ms, proxy.ts: 10ms, render: 68ms)
 GET /dashboard 200 in 66ms (compile: 12ms, proxy.ts: 7ms, render: 47ms)
 GET /dashboard 200 in 250ms (compile: 8ms, proxy.ts: 9ms, render: 233ms)
 GET /solve-test 200 in 74ms (compile: 10ms, proxy.ts: 14ms, render: 50ms)
 GET /dashboard 200 in 54ms (compile: 8ms, proxy.ts: 11ms, render: 34ms)
 GET /solve-test 200 in 57ms (compile: 9ms, proxy.ts: 10ms, render: 38ms)
 GET /dashboard 200 in 66ms (compile: 10ms, proxy.ts: 17ms, render: 39ms)
 GET /solve-test 200 in 62ms (compile: 10ms, proxy.ts: 13ms, render: 39ms)
 GET /dashboard 200 in 58ms (compile: 9ms, proxy.ts: 11ms, render: 38ms)
 GET /solve-test 200 in 60ms (compile: 10ms, proxy.ts: 9ms, render: 41ms)
 GET /dashboard 200 in 61ms (compile: 7ms, proxy.ts: 13ms, render: 41ms)
 GET /solve-test 200 in 58ms (compile: 8ms, proxy.ts: 11ms, render: 38ms)
 GET /dashboard 200 in 62ms (compile: 7ms, proxy.ts: 11ms, render: 44ms)
 GET /solve-test 200 in 56ms (compile: 8ms, proxy.ts: 10ms, render: 38ms)
 GET /dashboard 200 in 65ms (compile: 10ms, proxy.ts: 13ms, render: 43ms)
 GET /solve-test 200 in 57ms (compile: 8ms, proxy.ts: 8ms, render: 41ms)
 GET /dashboard 200 in 60ms (compile: 10ms, proxy.ts: 16ms, render: 34ms)
 GET /solve-test 200 in 58ms (compile: 9ms, proxy.ts: 10ms, render: 38ms)
 GET /dashboard 200 in 57ms (compile: 8ms, proxy.ts: 10ms, render: 39ms)
 GET /solve-test 200 in 57ms (compile: 11ms, proxy.ts: 9ms, render: 37ms)
 GET /solve-test 200 in 179ms (compile: 8ms, proxy.ts: 12ms, render: 158ms)
 GET /solve-test 200 in 30ms (compile: 4ms, proxy.ts: 3ms, render: 23ms)
 GET /dashboard 200 in 54ms (compile: 6ms, proxy.ts: 8ms, render: 39ms)
 ✓ Compiled in 461ms
 ✓ Compiled in 76ms
 ✓ Compiled in 3.6s
 ✓ Compiled in 1872ms
 ✓ Compiled in 1808ms
 ✓ Compiled in 1750ms
 ✓ Compiled in 2.5s
 ✓ Compiled in 707ms
 ✓ Compiled in 1851ms
 GET /dashboard 200 in 435ms (compile: 220ms, proxy.ts: 6ms, render: 209ms)
 GET /solve-test 200 in 242ms (compile: 181ms, proxy.ts: 7ms, render: 54ms)
 GET /dashboard 200 in 31ms (compile: 6ms, proxy.ts: 7ms, render: 18ms)
 GET /solve-test 200 in 47ms (compile: 12ms, proxy.ts: 8ms, render: 27ms)
 GET /solve-test 200 in 151ms (compile: 6ms, proxy.ts: 7ms, render: 137ms)
 ✓ Compiled in 61ms
 GET /dashboard 200 in 283ms (compile: 204ms, proxy.ts: 6ms, render: 73ms)
 GET /dashboard 200 in 223ms (compile: 152ms, proxy.ts: 9ms, render: 62ms)
 ✓ Compiled in 630ms
 ✓ Compiled in 1069ms
 GET /solve-test 200 in 47ms (compile: 4ms, proxy.ts: 4ms, render: 40ms)
 GET /dashboard 200 in 248ms (compile: 177ms, proxy.ts: 9ms, render: 62ms)
 GET /solve-test 200 in 54ms (compile: 9ms, proxy.ts: 11ms, render: 34ms)
 GET /dashboard 200 in 27ms (compile: 2ms, proxy.ts: 3ms, render: 22ms)
 GET /solve-test 200 in 36ms (compile: 5ms, proxy.ts: 4ms, render: 27ms)
 GET /dashboard 200 in 31ms (compile: 4ms, proxy.ts: 5ms, render: 22ms)
 GET /dashboard 200 in 405ms (compile: 8ms, proxy.ts: 13ms, render: 383ms)
 GET /solve-test 200 in 66ms (compile: 8ms, proxy.ts: 13ms, render: 45ms)
 GET /dashboard 200 in 53ms (compile: 8ms, proxy.ts: 10ms, render: 35ms)
 GET /solve-test 200 in 71ms (compile: 10ms, proxy.ts: 12ms, render: 49ms)
 GET /dashboard 200 in 61ms (compile: 8ms, proxy.ts: 13ms, render: 41ms)
 GET /solve-test 200 in 57ms (compile: 8ms, proxy.ts: 10ms, render: 39ms)
 GET /solve-test 200 in 153ms (compile: 8ms, proxy.ts: 12ms, render: 134ms)
 GET /dashboard 200 in 51ms (compile: 7ms, proxy.ts: 10ms, render: 35ms)
 GET /solve-test 200 in 67ms (compile: 11ms, proxy.ts: 12ms, render: 44ms)
 GET /dashboard 200 in 64ms (compile: 10ms, proxy.ts: 13ms, render: 41ms)
 GET /solve-test 200 in 63ms (compile: 7ms, proxy.ts: 11ms, render: 45ms)
 GET /dashboard 200 in 66ms (compile: 12ms, proxy.ts: 10ms, render: 44ms)
 GET /dashboard 200 in 127ms (compile: 9ms, proxy.ts: 17ms, render: 101ms)
 GET /solve-test 200 in 65ms (compile: 14ms, proxy.ts: 12ms, render: 39ms)
 GET /dashboard 200 in 55ms (compile: 9ms, proxy.ts: 6ms, render: 40ms)
 GET /solve-test 200 in 60ms (compile: 7ms, proxy.ts: 12ms, render: 41ms)
 GET /dashboard 200 in 54ms (compile: 9ms, proxy.ts: 11ms, render: 34ms)
 GET /dashboard 200 in 58ms (compile: 8ms, proxy.ts: 6ms, render: 44ms)
 GET /solve-test 200 in 42ms (compile: 17ms, proxy.ts: 5ms, render: 21ms)
 GET /dashboard 200 in 52ms (compile: 10ms, proxy.ts: 8ms, render: 35ms)
 ✓ Compiled in 898ms
 ✓ Compiled in 813ms
 ✓ Compiled in 594ms
 ✓ Compiled in 745ms
 ✓ Compiled in 643ms
 ✓ Compiled in 634ms
 ✓ Compiled in 593ms
 ✓ Compiled in 77ms
 ✓ Compiled in 89ms
 ✓ Compiled in 112ms
 GET /dashboard 200 in 27ms (compile: 5ms, proxy.ts: 5ms, render: 17ms)
 ✓ Compiled in 673ms
 ✓ Compiled in 692ms
 ✓ Compiled in 641ms
 ✓ Compiled in 340ms
 ✓ Compiled in 604ms
 ✓ Compiled in 621ms
 ✓ Compiled in 662ms
 ✓ Compiled in 1586ms
 ✓ Compiled in 1936ms
 GET /dashboard 200 in 410ms (compile: 285ms, proxy.ts: 21ms, render: 104ms)
 ✓ Compiled in 949ms
 GET /dashboard 200 in 555ms (compile: 239ms, proxy.ts: 10ms, render: 306ms)
 GET /solve-test 200 in 84ms (compile: 10ms, proxy.ts: 26ms, render: 47ms)
 GET /dashboard 200 in 64ms (compile: 9ms, proxy.ts: 16ms, render: 39ms)
 GET /dashboard 200 in 148ms (compile: 8ms, proxy.ts: 10ms, render: 129ms)
 ✓ Compiled in 481ms
 ✓ Compiled in 2.1s
 ✓ Compiled in 106ms
 GET /dashboard 200 in 629ms (compile: 262ms, proxy.ts: 12ms, render: 355ms)
 ✓ Compiled in 1297ms
 ✓ Compiled in 108ms
 ✓ Compiled in 611ms
 ✓ Compiled in 1044ms
 GET /dashboard 200 in 681ms (compile: 296ms, proxy.ts: 13ms, render: 372ms)
 ✓ Compiled in 646ms
 ✓ Compiled in 1989ms
 ✓ Compiled in 3.2s
 ✓ Compiled in 873ms
 ✓ Compiled in 462ms
 ✓ Compiled in 169ms
 GET /dashboard 200 in 623ms (compile: 269ms, proxy.ts: 9ms, render: 345ms)
 GET /dashboard 200 in 180ms (compile: 9ms, proxy.ts: 20ms, render: 152ms)
 ✓ Compiled in 256ms
 GET /dashboard 200 in 683ms (compile: 320ms, proxy.ts: 14ms, render: 348ms)
 ✓ Compiled in 245ms
 ✓ Compiled in 870ms
 ✓ Compiled in 1176ms
 ✓ Compiled in 222ms
 GET /dashboard 200 in 629ms (compile: 302ms, proxy.ts: 17ms, render: 310ms)
 ✓ Compiled in 129ms
 GET /dashboard 200 in 613ms (compile: 274ms, proxy.ts: 13ms, render: 326ms)
 GET /dashboard 200 in 119ms (compile: 9ms, proxy.ts: 13ms, render: 97ms)
 GET /login-test 200 in 1505ms (compile: 1319ms, proxy.ts: 43ms, render: 143ms)
 POST /api/local-auth/login 200 in 1295ms (compile: 540ms, proxy.ts: 18ms, render: 737ms)
 GET /dashboard 200 in 63ms (compile: 8ms, proxy.ts: 11ms, render: 45ms)
 GET /solve-test 200 in 143ms (compile: 10ms, proxy.ts: 17ms, render: 117ms)
 GET /dashboard 200 in 148ms (compile: 10ms, proxy.ts: 8ms, render: 130ms)
 GET /solve-test 200 in 74ms (compile: 10ms, proxy.ts: 15ms, render: 50ms)
 GET /dashboard 200 in 64ms (compile: 13ms, proxy.ts: 11ms, render: 40ms)
 GET /dashboard 200 in 160ms (compile: 10ms, proxy.ts: 12ms, render: 138ms)
 GET /solve-test 200 in 66ms (compile: 9ms, proxy.ts: 16ms, render: 41ms)
 GET /dashboard 200 in 33ms (compile: 6ms, proxy.ts: 6ms, render: 21ms)
 ✓ Compiled in 1013ms
 ✓ Compiled in 254ms
 ✓ Compiled in 1008ms
 GET /dashboard 200 in 411ms (compile: 192ms, proxy.ts: 8ms, render: 212ms)
 ✓ Compiled in 247ms
 ✓ Compiled in 45ms
 ✓ Compiled in 840ms
 ✓ Compiled in 2.9s
 ✓ Compiled in 2.8s
 ✓ Compiled in 2.2s
 ✓ Compiled in 759ms
 GET /login-test 200 in 433ms (compile: 332ms, proxy.ts: 11ms, render: 89ms)
 POST /api/local-auth/login 200 in 457ms (compile: 8ms, proxy.ts: 13ms, render: 436ms)
 GET /dashboard 200 in 396ms (compile: 281ms, proxy.ts: 8ms, render: 106ms)
 GET /login-test 200 in 38ms (compile: 7ms, proxy.ts: 4ms, render: 27ms)
 POST /api/local-auth/login 200 in 218ms (compile: 2ms, proxy.ts: 5ms, render: 211ms)
 GET /dashboard 200 in 27ms (compile: 4ms, proxy.ts: 5ms, render: 18ms)
 GET /dashboard 200 in 279ms (compile: 5ms, proxy.ts: 8ms, render: 265ms)
 GET /login-test 200 in 36ms (compile: 5ms, proxy.ts: 4ms, render: 27ms)
 POST /api/local-auth/login 200 in 418ms (compile: 4ms, proxy.ts: 7ms, render: 407ms)
 GET /dashboard 200 in 45ms (compile: 6ms, proxy.ts: 10ms, render: 29ms)
 GET /login-test 200 in 40ms (compile: 7ms, proxy.ts: 6ms, render: 27ms)
 POST /api/local-auth/login 200 in 257ms (compile: 4ms, proxy.ts: 7ms, render: 245ms)
 GET /dashboard 200 in 44ms (compile: 6ms, proxy.ts: 9ms, render: 29ms)
 GET /solve-test 200 in 263ms (compile: 185ms, proxy.ts: 6ms, render: 72ms)
 GET /dashboard 200 in 49ms (compile: 5ms, proxy.ts: 6ms, render: 38ms)
 GET /solve-test 200 in 42ms (compile: 9ms, proxy.ts: 7ms, render: 25ms)
 GET /dashboard 200 in 39ms (compile: 5ms, proxy.ts: 5ms, render: 28ms)
 GET /solve-test 200 in 62ms (compile: 8ms, proxy.ts: 12ms, render: 42ms)
 GET /dashboard 200 in 38ms (compile: 7ms, proxy.ts: 8ms, render: 23ms)
 GET /login-test 200 in 57ms (compile: 9ms, proxy.ts: 9ms, render: 38ms)
 POST /api/local-auth/login 200 in 278ms (compile: 8ms, proxy.ts: 17ms, render: 253ms)
 GET /dashboard 200 in 54ms (compile: 9ms, proxy.ts: 8ms, render: 37ms)
