[baseline-browser-mapping] The data in this module is over two months old.  To ensure accurate Baseline data, please update: `npm i baseline-browser-mapping@latest -D`
[baseline-browser-mapping] The data in this module is over two months old.  To ensure accurate Baseline data, please update: `npm i baseline-browser-mapping@latest -D`
 ⨯ ./src/app/dashboard/page.tsx:19:1
Module not found: Can't resolve './agent-panel'
[0m [90m 17 |[39m   [33mSettings[39m[33m,[39m
 [90m 18 |[39m } [36mfrom[39m [32m'lucide-react'[39m[33m;[39m
[31m[1m>[22m[39m[90m 19 |[39m [36mimport[39m { [33mAgentPage[39m } [36mfrom[39m [32m'./agent-panel'[39m[33m;[39m
 [90m    |[39m [31m[1m^[22m[39m[31m[1m^[22m[39m[31m[1m^[22m[39m[31m[1m^[22m[39m[31m[1m^[22m[39m[31m[1m^[22m[39m[31m[1m^[22m[39m[31m[1m^[22m[39m[31m[1m^[22m[39m[31m[1m^[22m[39m[31m[1m^[22m[39m[31m[1m^[22m[39m[31m[1m^[22m[39m[31m[1m^[22m[39m[31m[1m^[22m[39m[31m[1m^[22m[39m[31m[1m^[22m[39m[31m[1m^[22m[39m[31m[1m^[22m[39m[31m[1m^[22m[39m[31m[1m^[22m[39m[31m[1m^[22m[39m[31m[1m^[22m[39m[31m[1m^[22m[39m[31m[1m^[22m[39m[31m[1m^[22m[39m[31m[1m^[22m[39m[31m[1m^[22m[39m[31m[1m^[22m[39m[31m[1m^[22m[39m[31m[1m^[22m[39m[31m[1m^[22m[39m[31m[1m^[22m[39m[31m[1m^[22m[39m[31m[1m^[22m[39m[31m[1m^[22m[39m[31m[1m^[22m[39m[31m[1m^[22m[39m[31m[1m^[22m[39m[31m[1m^[22m[39m[31m[1m^[22m[39m[31m[1m^[22m[39m
 [90m 20 |[39m [36mimport[39m {
 [90m 21 |[39m   getPuzzleSubmissionUpdateEventName[33m,[39m
 [90m 22 |[39m   estimatePuzzleElo[33m,[39m[0m



Import traces:
  Client Component Browser:
    ./src/app/dashboard/page.tsx [Client Component Browser]
    ./src/app/dashboard/page.tsx [Server Component]

  Client Component SSR:
    ./src/app/dashboard/page.tsx [Client Component SSR]
    ./src/app/dashboard/page.tsx [Server Component]

https://nextjs.org/docs/messages/module-not-found


 ⨯ ./src/app/dashboard/page.tsx:19:1
Module not found: Can't resolve './agent-panel'
[0m [90m 17 |[39m   [33mSettings[39m[33m,[39m
 [90m 18 |[39m } [36mfrom[39m [32m'lucide-react'[39m[33m;[39m
[31m[1m>[22m[39m[90m 19 |[39m [36mimport[39m { [33mAgentPage[39m } [36mfrom[39m [32m'./agent-panel'[39m[33m;[39m
 [90m    |[39m [31m[1m^[22m[39m[31m[1m^[22m[39m[31m[1m^[22m[39m[31m[1m^[22m[39m[31m[1m^[22m[39m[31m[1m^[22m[39m[31m[1m^[22m[39m[31m[1m^[22m[39m[31m[1m^[22m[39m[31m[1m^[22m[39m[31m[1m^[22m[39m[31m[1m^[22m[39m[31m[1m^[22m[39m[31m[1m^[22m[39m[31m[1m^[22m[39m[31m[1m^[22m[39m[31m[1m^[22m[39m[31m[1m^[22m[39m[31m[1m^[22m[39m[31m[1m^[22m[39m[31m[1m^[22m[39m[31m[1m^[22m[39m[31m[1m^[22m[39m[31m[1m^[22m[39m[31m[1m^[22m[39m[31m[1m^[22m[39m[31m[1m^[22m[39m[31m[1m^[22m[39m[31m[1m^[22m[39m[31m[1m^[22m[39m[31m[1m^[22m[39m[31m[1m^[22m[39m[31m[1m^[22m[39m[31m[1m^[22m[39m[31m[1m^[22m[39m[31m[1m^[22m[39m[31m[1m^[22m[39m[31m[1m^[22m[39m[31m[1m^[22m[39m[31m[1m^[22m[39m[31m[1m^[22m[39m[31m[1m^[22m[39m
 [90m 20 |[39m [36mimport[39m {
 [90m 21 |[39m   getPuzzleSubmissionUpdateEventName[33m,[39m
 [90m 22 |[39m   estimatePuzzleElo[33m,[39m[0m



Import traces:
  Client Component Browser:
    ./src/app/dashboard/page.tsx [Client Component Browser]
    ./src/app/dashboard/page.tsx [Server Component]

  Client Component SSR:
    ./src/app/dashboard/page.tsx [Client Component SSR]
    ./src/app/dashboard/page.tsx [Server Component]

https://nextjs.org/docs/messages/module-not-found


 ⨯ ./src/app/dashboard/page.tsx:19:1
Module not found: Can't resolve './agent-panel'
[0m [90m 17 |[39m   [33mSettings[39m[33m,[39m
 [90m 18 |[39m } [36mfrom[39m [32m'lucide-react'[39m[33m;[39m
[31m[1m>[22m[39m[90m 19 |[39m [36mimport[39m { [33mAgentPage[39m } [36mfrom[39m [32m'./agent-panel'[39m[33m;[39m
 [90m    |[39m [31m[1m^[22m[39m[31m[1m^[22m[39m[31m[1m^[22m[39m[31m[1m^[22m[39m[31m[1m^[22m[39m[31m[1m^[22m[39m[31m[1m^[22m[39m[31m[1m^[22m[39m[31m[1m^[22m[39m[31m[1m^[22m[39m[31m[1m^[22m[39m[31m[1m^[22m[39m[31m[1m^[22m[39m[31m[1m^[22m[39m[31m[1m^[22m[39m[31m[1m^[22m[39m[31m[1m^[22m[39m[31m[1m^[22m[39m[31m[1m^[22m[39m[31m[1m^[22m[39m[31m[1m^[22m[39m[31m[1m^[22m[39m[31m[1m^[22m[39m[31m[1m^[22m[39m[31m[1m^[22m[39m[31m[1m^[22m[39m[31m[1m^[22m[39m[31m[1m^[22m[39m[31m[1m^[22m[39m[31m[1m^[22m[39m[31m[1m^[22m[39m[31m[1m^[22m[39m[31m[1m^[22m[39m[31m[1m^[22m[39m[31m[1m^[22m[39m[31m[1m^[22m[39m[31m[1m^[22m[39m[31m[1m^[22m[39m[31m[1m^[22m[39m[31m[1m^[22m[39m[31m[1m^[22m[39m
 [90m 20 |[39m [36mimport[39m {
 [90m 21 |[39m   getPuzzleSubmissionUpdateEventName[33m,[39m
 [90m 22 |[39m   estimatePuzzleElo[33m,[39m[0m



Import traces:
  Client Component Browser:
    ./src/app/dashboard/page.tsx [Client Component Browser]
    ./src/app/dashboard/page.tsx [Server Component]

  Client Component SSR:
    ./src/app/dashboard/page.tsx [Client Component SSR]
    ./src/app/dashboard/page.tsx [Server Component]

https://nextjs.org/docs/messages/module-not-found


 ⨯ ./src/app/dashboard/page.tsx:19:1
Module not found: Can't resolve './agent-panel'
[0m [90m 17 |[39m   [33mSettings[39m[33m,[39m
 [90m 18 |[39m } [36mfrom[39m [32m'lucide-react'[39m[33m;[39m
[31m[1m>[22m[39m[90m 19 |[39m [36mimport[39m { [33mAgentPage[39m } [36mfrom[39m [32m'./agent-panel'[39m[33m;[39m
 [90m    |[39m [31m[1m^[22m[39m[31m[1m^[22m[39m[31m[1m^[22m[39m[31m[1m^[22m[39m[31m[1m^[22m[39m[31m[1m^[22m[39m[31m[1m^[22m[39m[31m[1m^[22m[39m[31m[1m^[22m[39m[31m[1m^[22m[39m[31m[1m^[22m[39m[31m[1m^[22m[39m[31m[1m^[22m[39m[31m[1m^[22m[39m[31m[1m^[22m[39m[31m[1m^[22m[39m[31m[1m^[22m[39m[31m[1m^[22m[39m[31m[1m^[22m[39m[31m[1m^[22m[39m[31m[1m^[22m[39m[31m[1m^[22m[39m[31m[1m^[22m[39m[31m[1m^[22m[39m[31m[1m^[22m[39m[31m[1m^[22m[39m[31m[1m^[22m[39m[31m[1m^[22m[39m[31m[1m^[22m[39m[31m[1m^[22m[39m[31m[1m^[22m[39m[31m[1m^[22m[39m[31m[1m^[22m[39m[31m[1m^[22m[39m[31m[1m^[22m[39m[31m[1m^[22m[39m[31m[1m^[22m[39m[31m[1m^[22m[39m[31m[1m^[22m[39m[31m[1m^[22m[39m[31m[1m^[22m[39m
 [90m 20 |[39m [36mimport[39m {
 [90m 21 |[39m   getPuzzleSubmissionUpdateEventName[33m,[39m
 [90m 22 |[39m   estimatePuzzleElo[33m,[39m[0m



Import traces:
  Client Component Browser:
    ./src/app/dashboard/page.tsx [Client Component Browser]
    ./src/app/dashboard/page.tsx [Server Component]

  Client Component SSR:
    ./src/app/dashboard/page.tsx [Client Component SSR]
    ./src/app/dashboard/page.tsx [Server Component]

https://nextjs.org/docs/messages/module-not-found


 ⨯ ./src/app/dashboard/page.tsx:19:1
Module not found: Can't resolve './agent-panel'
[0m [90m 17 |[39m   [33mSettings[39m[33m,[39m
 [90m 18 |[39m } [36mfrom[39m [32m'lucide-react'[39m[33m;[39m
[31m[1m>[22m[39m[90m 19 |[39m [36mimport[39m { [33mAgentPage[39m } [36mfrom[39m [32m'./agent-panel'[39m[33m;[39m
 [90m    |[39m [31m[1m^[22m[39m[31m[1m^[22m[39m[31m[1m^[22m[39m[31m[1m^[22m[39m[31m[1m^[22m[39m[31m[1m^[22m[39m[31m[1m^[22m[39m[31m[1m^[22m[39m[31m[1m^[22m[39m[31m[1m^[22m[39m[31m[1m^[22m[39m[31m[1m^[22m[39m[31m[1m^[22m[39m[31m[1m^[22m[39m[31m[1m^[22m[39m[31m[1m^[22m[39m[31m[1m^[22m[39m[31m[1m^[22m[39m[31m[1m^[22m[39m[31m[1m^[22m[39m[31m[1m^[22m[39m[31m[1m^[22m[39m[31m[1m^[22m[39m[31m[1m^[22m[39m[31m[1m^[22m[39m[31m[1m^[22m[39m[31m[1m^[22m[39m[31m[1m^[22m[39m[31m[1m^[22m[39m[31m[1m^[22m[39m[31m[1m^[22m[39m[31m[1m^[22m[39m[31m[1m^[22m[39m[31m[1m^[22m[39m[31m[1m^[22m[39m[31m[1m^[22m[39m[31m[1m^[22m[39m[31m[1m^[22m[39m[31m[1m^[22m[39m[31m[1m^[22m[39m[31m[1m^[22m[39m[31m[1m^[22m[39m
 [90m 20 |[39m [36mimport[39m {
 [90m 21 |[39m   getPuzzleSubmissionUpdateEventName[33m,[39m
 [90m 22 |[39m   estimatePuzzleElo[33m,[39m[0m



Import traces:
  Client Component Browser:
    ./src/app/dashboard/page.tsx [Client Component Browser]
    ./src/app/dashboard/page.tsx [Server Component]

  Client Component SSR:
    ./src/app/dashboard/page.tsx [Client Component SSR]
    ./src/app/dashboard/page.tsx [Server Component]

https://nextjs.org/docs/messages/module-not-found


 ⨯ ./src/app/dashboard/page.tsx:19:1
Module not found: Can't resolve './agent-panel'
[0m [90m 17 |[39m   [33mSettings[39m[33m,[39m
 [90m 18 |[39m } [36mfrom[39m [32m'lucide-react'[39m[33m;[39m
[31m[1m>[22m[39m[90m 19 |[39m [36mimport[39m { [33mAgentPage[39m } [36mfrom[39m [32m'./agent-panel'[39m[33m;[39m
 [90m    |[39m [31m[1m^[22m[39m[31m[1m^[22m[39m[31m[1m^[22m[39m[31m[1m^[22m[39m[31m[1m^[22m[39m[31m[1m^[22m[39m[31m[1m^[22m[39m[31m[1m^[22m[39m[31m[1m^[22m[39m[31m[1m^[22m[39m[31m[1m^[22m[39m[31m[1m^[22m[39m[31m[1m^[22m[39m[31m[1m^[22m[39m[31m[1m^[22m[39m[31m[1m^[22m[39m[31m[1m^[22m[39m[31m[1m^[22m[39m[31m[1m^[22m[39m[31m[1m^[22m[39m[31m[1m^[22m[39m[31m[1m^[22m[39m[31m[1m^[22m[39m[31m[1m^[22m[39m[31m[1m^[22m[39m[31m[1m^[22m[39m[31m[1m^[22m[39m[31m[1m^[22m[39m[31m[1m^[22m[39m[31m[1m^[22m[39m[31m[1m^[22m[39m[31m[1m^[22m[39m[31m[1m^[22m[39m[31m[1m^[22m[39m[31m[1m^[22m[39m[31m[1m^[22m[39m[31m[1m^[22m[39m[31m[1m^[22m[39m[31m[1m^[22m[39m[31m[1m^[22m[39m[31m[1m^[22m[39m[31m[1m^[22m[39m
 [90m 20 |[39m [36mimport[39m {
 [90m 21 |[39m   getPuzzleSubmissionUpdateEventName[33m,[39m
 [90m 22 |[39m   estimatePuzzleElo[33m,[39m[0m



Import traces:
  Client Component Browser:
    ./src/app/dashboard/page.tsx [Client Component Browser]
    ./src/app/dashboard/page.tsx [Server Component]

  Client Component SSR:
    ./src/app/dashboard/page.tsx [Client Component SSR]
    ./src/app/dashboard/page.tsx [Server Component]

https://nextjs.org/docs/messages/module-not-found


 ⨯ ./src/app/dashboard/page.tsx:19:1
Module not found: Can't resolve './agent-panel'
[0m [90m 17 |[39m   [33mSettings[39m[33m,[39m
 [90m 18 |[39m } [36mfrom[39m [32m'lucide-react'[39m[33m;[39m
[31m[1m>[22m[39m[90m 19 |[39m [36mimport[39m { [33mAgentPage[39m } [36mfrom[39m [32m'./agent-panel'[39m[33m;[39m
 [90m    |[39m [31m[1m^[22m[39m[31m[1m^[22m[39m[31m[1m^[22m[39m[31m[1m^[22m[39m[31m[1m^[22m[39m[31m[1m^[22m[39m[31m[1m^[22m[39m[31m[1m^[22m[39m[31m[1m^[22m[39m[31m[1m^[22m[39m[31m[1m^[22m[39m[31m[1m^[22m[39m[31m[1m^[22m[39m[31m[1m^[22m[39m[31m[1m^[22m[39m[31m[1m^[22m[39m[31m[1m^[22m[39m[31m[1m^[22m[39m[31m[1m^[22m[39m[31m[1m^[22m[39m[31m[1m^[22m[39m[31m[1m^[22m[39m[31m[1m^[22m[39m[31m[1m^[22m[39m[31m[1m^[22m[39m[31m[1m^[22m[39m[31m[1m^[22m[39m[31m[1m^[22m[39m[31m[1m^[22m[39m[31m[1m^[22m[39m[31m[1m^[22m[39m[31m[1m^[22m[39m[31m[1m^[22m[39m[31m[1m^[22m[39m[31m[1m^[22m[39m[31m[1m^[22m[39m[31m[1m^[22m[39m[31m[1m^[22m[39m[31m[1m^[22m[39m[31m[1m^[22m[39m[31m[1m^[22m[39m
 [90m 20 |[39m [36mimport[39m {
 [90m 21 |[39m   getPuzzleSubmissionUpdateEventName[33m,[39m
 [90m 22 |[39m   estimatePuzzleElo[33m,[39m[0m



Import traces:
  Client Component Browser:
    ./src/app/dashboard/page.tsx [Client Component Browser]
    ./src/app/dashboard/page.tsx [Server Component]

  Client Component SSR:
    ./src/app/dashboard/page.tsx [Client Component SSR]
    ./src/app/dashboard/page.tsx [Server Component]

https://nextjs.org/docs/messages/module-not-found


 ⨯ ./src/app/dashboard/page.tsx:19:1
Module not found: Can't resolve './agent-panel'
[0m [90m 17 |[39m   [33mSettings[39m[33m,[39m
 [90m 18 |[39m } [36mfrom[39m [32m'lucide-react'[39m[33m;[39m
[31m[1m>[22m[39m[90m 19 |[39m [36mimport[39m { [33mAgentPage[39m } [36mfrom[39m [32m'./agent-panel'[39m[33m;[39m
 [90m    |[39m [31m[1m^[22m[39m[31m[1m^[22m[39m[31m[1m^[22m[39m[31m[1m^[22m[39m[31m[1m^[22m[39m[31m[1m^[22m[39m[31m[1m^[22m[39m[31m[1m^[22m[39m[31m[1m^[22m[39m[31m[1m^[22m[39m[31m[1m^[22m[39m[31m[1m^[22m[39m[31m[1m^[22m[39m[31m[1m^[22m[39m[31m[1m^[22m[39m[31m[1m^[22m[39m[31m[1m^[22m[39m[31m[1m^[22m[39m[31m[1m^[22m[39m[31m[1m^[22m[39m[31m[1m^[22m[39m[31m[1m^[22m[39m[31m[1m^[22m[39m[31m[1m^[22m[39m[31m[1m^[22m[39m[31m[1m^[22m[39m[31m[1m^[22m[39m[31m[1m^[22m[39m[31m[1m^[22m[39m[31m[1m^[22m[39m[31m[1m^[22m[39m[31m[1m^[22m[39m[31m[1m^[22m[39m[31m[1m^[22m[39m[31m[1m^[22m[39m[31m[1m^[22m[39m[31m[1m^[22m[39m[31m[1m^[22m[39m[31m[1m^[22m[39m[31m[1m^[22m[39m[31m[1m^[22m[39m
 [90m 20 |[39m [36mimport[39m {
 [90m 21 |[39m   getPuzzleSubmissionUpdateEventName[33m,[39m
 [90m 22 |[39m   estimatePuzzleElo[33m,[39m[0m



Import traces:
  Client Component Browser:
    ./src/app/dashboard/page.tsx [Client Component Browser]
    ./src/app/dashboard/page.tsx [Server Component]

  Client Component SSR:
    ./src/app/dashboard/page.tsx [Client Component SSR]
    ./src/app/dashboard/page.tsx [Server Component]

https://nextjs.org/docs/messages/module-not-found


 ⨯ ./src/app/dashboard/page.tsx:19:1
Module not found: Can't resolve './agent-panel'
[0m [90m 17 |[39m   [33mSettings[39m[33m,[39m
 [90m 18 |[39m } [36mfrom[39m [32m'lucide-react'[39m[33m;[39m
[31m[1m>[22m[39m[90m 19 |[39m [36mimport[39m { [33mAgentPage[39m } [36mfrom[39m [32m'./agent-panel'[39m[33m;[39m
 [90m    |[39m [31m[1m^[22m[39m[31m[1m^[22m[39m[31m[1m^[22m[39m[31m[1m^[22m[39m[31m[1m^[22m[39m[31m[1m^[22m[39m[31m[1m^[22m[39m[31m[1m^[22m[39m[31m[1m^[22m[39m[31m[1m^[22m[39m[31m[1m^[22m[39m[31m[1m^[22m[39m[31m[1m^[22m[39m[31m[1m^[22m[39m[31m[1m^[22m[39m[31m[1m^[22m[39m[31m[1m^[22m[39m[31m[1m^[22m[39m[31m[1m^[22m[39m[31m[1m^[22m[39m[31m[1m^[22m[39m[31m[1m^[22m[39m[31m[1m^[22m[39m[31m[1m^[22m[39m[31m[1m^[22m[39m[31m[1m^[22m[39m[31m[1m^[22m[39m[31m[1m^[22m[39m[31m[1m^[22m[39m[31m[1m^[22m[39m[31m[1m^[22m[39m[31m[1m^[22m[39m[31m[1m^[22m[39m[31m[1m^[22m[39m[31m[1m^[22m[39m[31m[1m^[22m[39m[31m[1m^[22m[39m[31m[1m^[22m[39m[31m[1m^[22m[39m[31m[1m^[22m[39m[31m[1m^[22m[39m[31m[1m^[22m[39m
 [90m 20 |[39m [36mimport[39m {
 [90m 21 |[39m   getPuzzleSubmissionUpdateEventName[33m,[39m
 [90m 22 |[39m   estimatePuzzleElo[33m,[39m[0m



Import traces:
  Client Component Browser:
    ./src/app/dashboard/page.tsx [Client Component Browser]
    ./src/app/dashboard/page.tsx [Server Component]

  Client Component SSR:
    ./src/app/dashboard/page.tsx [Client Component SSR]
    ./src/app/dashboard/page.tsx [Server Component]

https://nextjs.org/docs/messages/module-not-found


 ⨯ ./src/app/dashboard/page.tsx:19:1
Module not found: Can't resolve './agent-panel'
[0m [90m 17 |[39m   [33mSettings[39m[33m,[39m
 [90m 18 |[39m } [36mfrom[39m [32m'lucide-react'[39m[33m;[39m
[31m[1m>[22m[39m[90m 19 |[39m [36mimport[39m { [33mAgentPage[39m } [36mfrom[39m [32m'./agent-panel'[39m[33m;[39m
 [90m    |[39m [31m[1m^[22m[39m[31m[1m^[22m[39m[31m[1m^[22m[39m[31m[1m^[22m[39m[31m[1m^[22m[39m[31m[1m^[22m[39m[31m[1m^[22m[39m[31m[1m^[22m[39m[31m[1m^[22m[39m[31m[1m^[22m[39m[31m[1m^[22m[39m[31m[1m^[22m[39m[31m[1m^[22m[39m[31m[1m^[22m[39m[31m[1m^[22m[39m[31m[1m^[22m[39m[31m[1m^[22m[39m[31m[1m^[22m[39m[31m[1m^[22m[39m[31m[1m^[22m[39m[31m[1m^[22m[39m[31m[1m^[22m[39m[31m[1m^[22m[39m[31m[1m^[22m[39m[31m[1m^[22m[39m[31m[1m^[22m[39m[31m[1m^[22m[39m[31m[1m^[22m[39m[31m[1m^[22m[39m[31m[1m^[22m[39m[31m[1m^[22m[39m[31m[1m^[22m[39m[31m[1m^[22m[39m[31m[1m^[22m[39m[31m[1m^[22m[39m[31m[1m^[22m[39m[31m[1m^[22m[39m[31m[1m^[22m[39m[31m[1m^[22m[39m[31m[1m^[22m[39m[31m[1m^[22m[39m[31m[1m^[22m[39m
 [90m 20 |[39m [36mimport[39m {
 [90m 21 |[39m   getPuzzleSubmissionUpdateEventName[33m,[39m
 [90m 22 |[39m   estimatePuzzleElo[33m,[39m[0m



Import traces:
  Client Component Browser:
    ./src/app/dashboard/page.tsx [Client Component Browser]
    ./src/app/dashboard/page.tsx [Server Component]

  Client Component SSR:
    ./src/app/dashboard/page.tsx [Client Component SSR]
    ./src/app/dashboard/page.tsx [Server Component]

https://nextjs.org/docs/messages/module-not-found


 ⨯ ./src/app/dashboard/page.tsx:19:1
Module not found: Can't resolve './agent-panel'
[0m [90m 17 |[39m   [33mSettings[39m[33m,[39m
 [90m 18 |[39m } [36mfrom[39m [32m'lucide-react'[39m[33m;[39m
[31m[1m>[22m[39m[90m 19 |[39m [36mimport[39m { [33mAgentPage[39m } [36mfrom[39m [32m'./agent-panel'[39m[33m;[39m
 [90m    |[39m [31m[1m^[22m[39m[31m[1m^[22m[39m[31m[1m^[22m[39m[31m[1m^[22m[39m[31m[1m^[22m[39m[31m[1m^[22m[39m[31m[1m^[22m[39m[31m[1m^[22m[39m[31m[1m^[22m[39m[31m[1m^[22m[39m[31m[1m^[22m[39m[31m[1m^[22m[39m[31m[1m^[22m[39m[31m[1m^[22m[39m[31m[1m^[22m[39m[31m[1m^[22m[39m[31m[1m^[22m[39m[31m[1m^[22m[39m[31m[1m^[22m[39m[31m[1m^[22m[39m[31m[1m^[22m[39m[31m[1m^[22m[39m[31m[1m^[22m[39m[31m[1m^[22m[39m[31m[1m^[22m[39m[31m[1m^[22m[39m[31m[1m^[22m[39m[31m[1m^[22m[39m[31m[1m^[22m[39m[31m[1m^[22m[39m[31m[1m^[22m[39m[31m[1m^[22m[39m[31m[1m^[22m[39m[31m[1m^[22m[39m[31m[1m^[22m[39m[31m[1m^[22m[39m[31m[1m^[22m[39m[31m[1m^[22m[39m[31m[1m^[22m[39m[31m[1m^[22m[39m[31m[1m^[22m[39m
 [90m 20 |[39m [36mimport[39m {
 [90m 21 |[39m   getPuzzleSubmissionUpdateEventName[33m,[39m
 [90m 22 |[39m   estimatePuzzleElo[33m,[39m[0m



Import traces:
  Client Component Browser:
    ./src/app/dashboard/page.tsx [Client Component Browser]
    ./src/app/dashboard/page.tsx [Server Component]

  Client Component SSR:
    ./src/app/dashboard/page.tsx [Client Component SSR]
    ./src/app/dashboard/page.tsx [Server Component]

https://nextjs.org/docs/messages/module-not-found


 ⨯ ./src/app/dashboard/page.tsx:19:1
Module not found: Can't resolve './agent-panel'
[0m [90m 17 |[39m   [33mSettings[39m[33m,[39m
 [90m 18 |[39m } [36mfrom[39m [32m'lucide-react'[39m[33m;[39m
[31m[1m>[22m[39m[90m 19 |[39m [36mimport[39m { [33mAgentPage[39m } [36mfrom[39m [32m'./agent-panel'[39m[33m;[39m
 [90m    |[39m [31m[1m^[22m[39m[31m[1m^[22m[39m[31m[1m^[22m[39m[31m[1m^[22m[39m[31m[1m^[22m[39m[31m[1m^[22m[39m[31m[1m^[22m[39m[31m[1m^[22m[39m[31m[1m^[22m[39m[31m[1m^[22m[39m[31m[1m^[22m[39m[31m[1m^[22m[39m[31m[1m^[22m[39m[31m[1m^[22m[39m[31m[1m^[22m[39m[31m[1m^[22m[39m[31m[1m^[22m[39m[31m[1m^[22m[39m[31m[1m^[22m[39m[31m[1m^[22m[39m[31m[1m^[22m[39m[31m[1m^[22m[39m[31m[1m^[22m[39m[31m[1m^[22m[39m[31m[1m^[22m[39m[31m[1m^[22m[39m[31m[1m^[22m[39m[31m[1m^[22m[39m[31m[1m^[22m[39m[31m[1m^[22m[39m[31m[1m^[22m[39m[31m[1m^[22m[39m[31m[1m^[22m[39m[31m[1m^[22m[39m[31m[1m^[22m[39m[31m[1m^[22m[39m[31m[1m^[22m[39m[31m[1m^[22m[39m[31m[1m^[22m[39m[31m[1m^[22m[39m[31m[1m^[22m[39m
 [90m 20 |[39m [36mimport[39m {
 [90m 21 |[39m   getPuzzleSubmissionUpdateEventName[33m,[39m
 [90m 22 |[39m   estimatePuzzleElo[33m,[39m[0m



Import traces:
  Client Component Browser:
    ./src/app/dashboard/page.tsx [Client Component Browser]
    ./src/app/dashboard/page.tsx [Server Component]

  Client Component SSR:
    ./src/app/dashboard/page.tsx [Client Component SSR]
    ./src/app/dashboard/page.tsx [Server Component]

https://nextjs.org/docs/messages/module-not-found


 ⨯ ./src/app/dashboard/page.tsx:20:1
Module not found: Can't resolve './puzzle-lab-panel'
[0m [90m 18 |[39m } [36mfrom[39m [32m'lucide-react'[39m[33m;[39m
 [90m 19 |[39m [36mimport[39m { [33mAgentPage[39m } [36mfrom[39m [32m'./agent-panel'[39m[33m;[39m
[31m[1m>[22m[39m[90m 20 |[39m [36mimport[39m { [33mPuzzleLabPanel[39m } [36mfrom[39m [32m'./puzzle-lab-panel'[39m[33m;[39m
 [90m    |[39m [31m[1m^[22m[39m[31m[1m^[22m[39m[31m[1m^[22m[39m[31m[1m^[22m[39m[31m[1m^[22m[39m[31m[1m^[22m[39m[31m[1m^[22m[39m[31m[1m^[22m[39m[31m[1m^[22m[39m[31m[1m^[22m[39m[31m[1m^[22m[39m[31m[1m^[22m[39m[31m[1m^[22m[39m[31m[1m^[22m[39m[31m[1m^[22m[39m[31m[1m^[22m[39m[31m[1m^[22m[39m[31m[1m^[22m[39m[31m[1m^[22m[39m[31m[1m^[22m[39m[31m[1m^[22m[39m[31m[1m^[22m[39m[31m[1m^[22m[39m[31m[1m^[22m[39m[31m[1m^[22m[39m[31m[1m^[22m[39m[31m[1m^[22m[39m[31m[1m^[22m[39m[31m[1m^[22m[39m[31m[1m^[22m[39m[31m[1m^[22m[39m[31m[1m^[22m[39m[31m[1m^[22m[39m[31m[1m^[22m[39m[31m[1m^[22m[39m[31m[1m^[22m[39m[31m[1m^[22m[39m[31m[1m^[22m[39m[31m[1m^[22m[39m[31m[1m^[22m[39m[31m[1m^[22m[39m[31m[1m^[22m[39m[31m[1m^[22m[39m[31m[1m^[22m[39m[31m[1m^[22m[39m[31m[1m^[22m[39m[31m[1m^[22m[39m[31m[1m^[22m[39m[31m[1m^[22m[39m[31m[1m^[22m[39m[31m[1m^[22m[39m
 [90m 21 |[39m [36mimport[39m {
 [90m 22 |[39m   getPuzzleSubmissionUpdateEventName[33m,[39m
 [90m 23 |[39m   estimatePuzzleElo[33m,[39m[0m

failed to convert rope into string

Caused by:
- invalid utf-8 sequence of 1 bytes from index 0

Debug info:
- Execution of <ModuleAssetContext as AssetContext>::process_resolve_result failed
- Execution of <ModuleAssetContext as AssetContext>::process failed
- failed to convert rope into string
- invalid utf-8 sequence of 1 bytes from index 0


Import traces:
  Client Component Browser:
    ./src/app/dashboard/page.tsx [Client Component Browser]
    ./src/app/dashboard/page.tsx [Server Component]

  Client Component SSR:
    ./src/app/dashboard/page.tsx [Client Component SSR]
    ./src/app/dashboard/page.tsx [Server Component]

https://nextjs.org/docs/messages/module-not-found


 ⨯ ./src/app/dashboard/page.tsx:20:1
Module not found: Can't resolve './puzzle-lab-panel'
[0m [90m 18 |[39m } [36mfrom[39m [32m'lucide-react'[39m[33m;[39m
 [90m 19 |[39m [36mimport[39m { [33mAgentPage[39m } [36mfrom[39m [32m'./agent-panel'[39m[33m;[39m
[31m[1m>[22m[39m[90m 20 |[39m [36mimport[39m { [33mPuzzleLabPanel[39m } [36mfrom[39m [32m'./puzzle-lab-panel'[39m[33m;[39m
 [90m    |[39m [31m[1m^[22m[39m[31m[1m^[22m[39m[31m[1m^[22m[39m[31m[1m^[22m[39m[31m[1m^[22m[39m[31m[1m^[22m[39m[31m[1m^[22m[39m[31m[1m^[22m[39m[31m[1m^[22m[39m[31m[1m^[22m[39m[31m[1m^[22m[39m[31m[1m^[22m[39m[31m[1m^[22m[39m[31m[1m^[22m[39m[31m[1m^[22m[39m[31m[1m^[22m[39m[31m[1m^[22m[39m[31m[1m^[22m[39m[31m[1m^[22m[39m[31m[1m^[22m[39m[31m[1m^[22m[39m[31m[1m^[22m[39m[31m[1m^[22m[39m[31m[1m^[22m[39m[31m[1m^[22m[39m[31m[1m^[22m[39m[31m[1m^[22m[39m[31m[1m^[22m[39m[31m[1m^[22m[39m[31m[1m^[22m[39m[31m[1m^[22m[39m[31m[1m^[22m[39m[31m[1m^[22m[39m[31m[1m^[22m[39m[31m[1m^[22m[39m[31m[1m^[22m[39m[31m[1m^[22m[39m[31m[1m^[22m[39m[31m[1m^[22m[39m[31m[1m^[22m[39m[31m[1m^[22m[39m[31m[1m^[22m[39m[31m[1m^[22m[39m[31m[1m^[22m[39m[31m[1m^[22m[39m[31m[1m^[22m[39m[31m[1m^[22m[39m[31m[1m^[22m[39m[31m[1m^[22m[39m[31m[1m^[22m[39m[31m[1m^[22m[39m
 [90m 21 |[39m [36mimport[39m {
 [90m 22 |[39m   getPuzzleSubmissionUpdateEventName[33m,[39m
 [90m 23 |[39m   estimatePuzzleElo[33m,[39m[0m

failed to convert rope into string

Caused by:
- invalid utf-8 sequence of 1 bytes from index 0

Debug info:
- Execution of <ModuleAssetContext as AssetContext>::process_resolve_result failed
- Execution of <ModuleAssetContext as AssetContext>::process failed
- failed to convert rope into string
- invalid utf-8 sequence of 1 bytes from index 0


Import traces:
  Client Component Browser:
    ./src/app/dashboard/page.tsx [Client Component Browser]
    ./src/app/dashboard/page.tsx [Server Component]

  Client Component SSR:
    ./src/app/dashboard/page.tsx [Client Component SSR]
    ./src/app/dashboard/page.tsx [Server Component]

https://nextjs.org/docs/messages/module-not-found


 ⨯ ./src/app/dashboard/page.tsx:20:1
Module not found: Can't resolve './puzzle-lab-panel'
[0m [90m 18 |[39m } [36mfrom[39m [32m'lucide-react'[39m[33m;[39m
 [90m 19 |[39m [36mimport[39m { [33mAgentPage[39m } [36mfrom[39m [32m'./agent-panel'[39m[33m;[39m
[31m[1m>[22m[39m[90m 20 |[39m [36mimport[39m { [33mPuzzleLabPanel[39m } [36mfrom[39m [32m'./puzzle-lab-panel'[39m[33m;[39m
 [90m    |[39m [31m[1m^[22m[39m[31m[1m^[22m[39m[31m[1m^[22m[39m[31m[1m^[22m[39m[31m[1m^[22m[39m[31m[1m^[22m[39m[31m[1m^[22m[39m[31m[1m^[22m[39m[31m[1m^[22m[39m[31m[1m^[22m[39m[31m[1m^[22m[39m[31m[1m^[22m[39m[31m[1m^[22m[39m[31m[1m^[22m[39m[31m[1m^[22m[39m[31m[1m^[22m[39m[31m[1m^[22m[39m[31m[1m^[22m[39m[31m[1m^[22m[39m[31m[1m^[22m[39m[31m[1m^[22m[39m[31m[1m^[22m[39m[31m[1m^[22m[39m[31m[1m^[22m[39m[31m[1m^[22m[39m[31m[1m^[22m[39m[31m[1m^[22m[39m[31m[1m^[22m[39m[31m[1m^[22m[39m[31m[1m^[22m[39m[31m[1m^[22m[39m[31m[1m^[22m[39m[31m[1m^[22m[39m[31m[1m^[22m[39m[31m[1m^[22m[39m[31m[1m^[22m[39m[31m[1m^[22m[39m[31m[1m^[22m[39m[31m[1m^[22m[39m[31m[1m^[22m[39m[31m[1m^[22m[39m[31m[1m^[22m[39m[31m[1m^[22m[39m[31m[1m^[22m[39m[31m[1m^[22m[39m[31m[1m^[22m[39m[31m[1m^[22m[39m[31m[1m^[22m[39m[31m[1m^[22m[39m[31m[1m^[22m[39m[31m[1m^[22m[39m
 [90m 21 |[39m [36mimport[39m {
 [90m 22 |[39m   getPuzzleSubmissionUpdateEventName[33m,[39m
 [90m 23 |[39m   estimatePuzzleElo[33m,[39m[0m

failed to convert rope into string

Caused by:
- invalid utf-8 sequence of 1 bytes from index 0

Debug info:
- Execution of <ModuleAssetContext as AssetContext>::process_resolve_result failed
- Execution of <ModuleAssetContext as AssetContext>::process failed
- failed to convert rope into string
- invalid utf-8 sequence of 1 bytes from index 0


Import traces:
  Client Component Browser:
    ./src/app/dashboard/page.tsx [Client Component Browser]
    ./src/app/dashboard/page.tsx [Server Component]

  Client Component SSR:
    ./src/app/dashboard/page.tsx [Client Component SSR]
    ./src/app/dashboard/page.tsx [Server Component]

https://nextjs.org/docs/messages/module-not-found


 ⨯ ./src/app/dashboard/page.tsx:20:1
Module not found: Can't resolve './puzzle-lab-panel'
[0m [90m 18 |[39m } [36mfrom[39m [32m'lucide-react'[39m[33m;[39m
 [90m 19 |[39m [36mimport[39m { [33mAgentPage[39m } [36mfrom[39m [32m'./agent-panel'[39m[33m;[39m
[31m[1m>[22m[39m[90m 20 |[39m [36mimport[39m { [33mPuzzleLabPanel[39m } [36mfrom[39m [32m'./puzzle-lab-panel'[39m[33m;[39m
 [90m    |[39m [31m[1m^[22m[39m[31m[1m^[22m[39m[31m[1m^[22m[39m[31m[1m^[22m[39m[31m[1m^[22m[39m[31m[1m^[22m[39m[31m[1m^[22m[39m[31m[1m^[22m[39m[31m[1m^[22m[39m[31m[1m^[22m[39m[31m[1m^[22m[39m[31m[1m^[22m[39m[31m[1m^[22m[39m[31m[1m^[22m[39m[31m[1m^[22m[39m[31m[1m^[22m[39m[31m[1m^[22m[39m[31m[1m^[22m[39m[31m[1m^[22m[39m[31m[1m^[22m[39m[31m[1m^[22m[39m[31m[1m^[22m[39m[31m[1m^[22m[39m[31m[1m^[22m[39m[31m[1m^[22m[39m[31m[1m^[22m[39m[31m[1m^[22m[39m[31m[1m^[22m[39m[31m[1m^[22m[39m[31m[1m^[22m[39m[31m[1m^[22m[39m[31m[1m^[22m[39m[31m[1m^[22m[39m[31m[1m^[22m[39m[31m[1m^[22m[39m[31m[1m^[22m[39m[31m[1m^[22m[39m[31m[1m^[22m[39m[31m[1m^[22m[39m[31m[1m^[22m[39m[31m[1m^[22m[39m[31m[1m^[22m[39m[31m[1m^[22m[39m[31m[1m^[22m[39m[31m[1m^[22m[39m[31m[1m^[22m[39m[31m[1m^[22m[39m[31m[1m^[22m[39m[31m[1m^[22m[39m[31m[1m^[22m[39m[31m[1m^[22m[39m
 [90m 21 |[39m [36mimport[39m {
 [90m 22 |[39m   getPuzzleSubmissionUpdateEventName[33m,[39m
 [90m 23 |[39m   estimatePuzzleElo[33m,[39m[0m

failed to convert rope into string

Caused by:
- invalid utf-8 sequence of 1 bytes from index 0

Debug info:
- Execution of <ModuleAssetContext as AssetContext>::process_resolve_result failed
- Execution of <ModuleAssetContext as AssetContext>::process failed
- failed to convert rope into string
- invalid utf-8 sequence of 1 bytes from index 0


Import traces:
  Client Component Browser:
    ./src/app/dashboard/page.tsx [Client Component Browser]
    ./src/app/dashboard/page.tsx [Server Component]

  Client Component SSR:
    ./src/app/dashboard/page.tsx [Client Component SSR]
    ./src/app/dashboard/page.tsx [Server Component]

https://nextjs.org/docs/messages/module-not-found


 ⨯ ./src/app/dashboard/page.tsx:20:1
Module not found: Can't resolve './puzzle-lab-panel'
[0m [90m 18 |[39m } [36mfrom[39m [32m'lucide-react'[39m[33m;[39m
 [90m 19 |[39m [36mimport[39m { [33mAgentPage[39m } [36mfrom[39m [32m'./agent-panel'[39m[33m;[39m
[31m[1m>[22m[39m[90m 20 |[39m [36mimport[39m { [33mPuzzleLabPanel[39m } [36mfrom[39m [32m'./puzzle-lab-panel'[39m[33m;[39m
 [90m    |[39m [31m[1m^[22m[39m[31m[1m^[22m[39m[31m[1m^[22m[39m[31m[1m^[22m[39m[31m[1m^[22m[39m[31m[1m^[22m[39m[31m[1m^[22m[39m[31m[1m^[22m[39m[31m[1m^[22m[39m[31m[1m^[22m[39m[31m[1m^[22m[39m[31m[1m^[22m[39m[31m[1m^[22m[39m[31m[1m^[22m[39m[31m[1m^[22m[39m[31m[1m^[22m[39m[31m[1m^[22m[39m[31m[1m^[22m[39m[31m[1m^[22m[39m[31m[1m^[22m[39m[31m[1m^[22m[39m[31m[1m^[22m[39m[31m[1m^[22m[39m[31m[1m^[22m[39m[31m[1m^[22m[39m[31m[1m^[22m[39m[31m[1m^[22m[39m[31m[1m^[22m[39m[31m[1m^[22m[39m[31m[1m^[22m[39m[31m[1m^[22m[39m[31m[1m^[22m[39m[31m[1m^[22m[39m[31m[1m^[22m[39m[31m[1m^[22m[39m[31m[1m^[22m[39m[31m[1m^[22m[39m[31m[1m^[22m[39m[31m[1m^[22m[39m[31m[1m^[22m[39m[31m[1m^[22m[39m[31m[1m^[22m[39m[31m[1m^[22m[39m[31m[1m^[22m[39m[31m[1m^[22m[39m[31m[1m^[22m[39m[31m[1m^[22m[39m[31m[1m^[22m[39m[31m[1m^[22m[39m[31m[1m^[22m[39m[31m[1m^[22m[39m
 [90m 21 |[39m [36mimport[39m {
 [90m 22 |[39m   getPuzzleSubmissionUpdateEventName[33m,[39m
 [90m 23 |[39m   estimatePuzzleElo[33m,[39m[0m

failed to convert rope into string

Caused by:
- invalid utf-8 sequence of 1 bytes from index 0

Debug info:
- Execution of <ModuleAssetContext as AssetContext>::process_resolve_result failed
- Execution of <ModuleAssetContext as AssetContext>::process failed
- failed to convert rope into string
- invalid utf-8 sequence of 1 bytes from index 0


Import traces:
  Client Component Browser:
    ./src/app/dashboard/page.tsx [Client Component Browser]
    ./src/app/dashboard/page.tsx [Server Component]

  Client Component SSR:
    ./src/app/dashboard/page.tsx [Client Component SSR]
    ./src/app/dashboard/page.tsx [Server Component]

https://nextjs.org/docs/messages/module-not-found


 ⨯ ./src/app/dashboard/page.tsx:20:1
Module not found: Can't resolve './puzzle-lab-panel'
[0m [90m 18 |[39m } [36mfrom[39m [32m'lucide-react'[39m[33m;[39m
 [90m 19 |[39m [36mimport[39m { [33mAgentPage[39m } [36mfrom[39m [32m'./agent-panel'[39m[33m;[39m
[31m[1m>[22m[39m[90m 20 |[39m [36mimport[39m { [33mPuzzleLabPanel[39m } [36mfrom[39m [32m'./puzzle-lab-panel'[39m[33m;[39m
 [90m    |[39m [31m[1m^[22m[39m[31m[1m^[22m[39m[31m[1m^[22m[39m[31m[1m^[22m[39m[31m[1m^[22m[39m[31m[1m^[22m[39m[31m[1m^[22m[39m[31m[1m^[22m[39m[31m[1m^[22m[39m[31m[1m^[22m[39m[31m[1m^[22m[39m[31m[1m^[22m[39m[31m[1m^[22m[39m[31m[1m^[22m[39m[31m[1m^[22m[39m[31m[1m^[22m[39m[31m[1m^[22m[39m[31m[1m^[22m[39m[31m[1m^[22m[39m[31m[1m^[22m[39m[31m[1m^[22m[39m[31m[1m^[22m[39m[31m[1m^[22m[39m[31m[1m^[22m[39m[31m[1m^[22m[39m[31m[1m^[22m[39m[31m[1m^[22m[39m[31m[1m^[22m[39m[31m[1m^[22m[39m[31m[1m^[22m[39m[31m[1m^[22m[39m[31m[1m^[22m[39m[31m[1m^[22m[39m[31m[1m^[22m[39m[31m[1m^[22m[39m[31m[1m^[22m[39m[31m[1m^[22m[39m[31m[1m^[22m[39m[31m[1m^[22m[39m[31m[1m^[22m[39m[31m[1m^[22m[39m[31m[1m^[22m[39m[31m[1m^[22m[39m[31m[1m^[22m[39m[31m[1m^[22m[39m[31m[1m^[22m[39m[31m[1m^[22m[39m[31m[1m^[22m[39m[31m[1m^[22m[39m[31m[1m^[22m[39m[31m[1m^[22m[39m
 [90m 21 |[39m [36mimport[39m {
 [90m 22 |[39m   getPuzzleSubmissionUpdateEventName[33m,[39m
 [90m 23 |[39m   estimatePuzzleElo[33m,[39m[0m

failed to convert rope into string

Caused by:
- invalid utf-8 sequence of 1 bytes from index 0

Debug info:
- Execution of <ModuleAssetContext as AssetContext>::process_resolve_result failed
- Execution of <ModuleAssetContext as AssetContext>::process failed
- failed to convert rope into string
- invalid utf-8 sequence of 1 bytes from index 0


Import traces:
  Client Component Browser:
    ./src/app/dashboard/page.tsx [Client Component Browser]
    ./src/app/dashboard/page.tsx [Server Component]

  Client Component SSR:
    ./src/app/dashboard/page.tsx [Client Component SSR]
    ./src/app/dashboard/page.tsx [Server Component]

https://nextjs.org/docs/messages/module-not-found



thread 'tokio-runtime-worker' (30172) panicked at C:\actions-runner\_work\next.js\next.js\turbopack\crates\turbo-tasks-backend\src\backend\operation\mod.rs:452:9:
Item already exists
note: run with `RUST_BACKTRACE=1` environment variable to display a backtrace

thread 'tokio-runtime-worker' (27028) panicked at C:\actions-runner\_work\next.js\next.js\turbopack\crates\turbo-tasks-backend\src\backend\operation\mod.rs:452:9:
Item already exists
